Created a log file for myapp
New line of code is added in the develop branch
